[bot.eternal.tk/index.html]
[backblue.gif]
[fade.gif]
[index.html]
[cdn.discordapp.com/attachments/701471112432713748/712299281226399744/logo-Recovered.png]
[bot.eternal.tk/css/bootstrap.min.css]
[bot.eternal.tk/css/font-awesome.min.css]
[bot.eternal.tk/css/flaticon.css]
[bot.eternal.tk/css/owl.carousel.min.css]
[bot.eternal.tk/css/animate.css]
[bot.eternal.tk/css/style.css]
[unpkg.com/sweetalert@2.1.2/dist/sweetalert.min.js]
[cdn.discordapp.com/attachments/701471112432713748/711769287789903952/eternalduyuru.png]
[cdn.discordapp.com/attachments/701471112432713748/711794585063522374/yukari.png]
[cdn.discordapp.com/attachments/701471112432713748/711755441742413874/qweQWEwqwEQweIQW.png]
[cdn.discordapp.com/attachments/701471112432713748/711759330185314414/asdasd.png]
[cdn.discordapp.com/attachments/701471112432713748/711759568769908736/asdasdasd.png]
[cdn.discordapp.com/attachments/701471112432713748/711760670705582140/qweqwe.png]
[cdn.discordapp.com/attachments/701471112432713748/711761341060218940/raa.png]
[cdn.discordapp.com/attachments/701471112432713748/711764830045863967/coin.png]
[cdn.discordapp.com/attachments/701471112432713748/711839973724127282/reklamalan.gif]
[cdn.discordapp.com/attachments/701471112432713748/711041686884581416/cwdqwc.png]
[bot.eternal.tk/js/jquery-3.2.1.min.js]
[bot.eternal.tk/js/circle-progress.min.js]
[bot.eternal.tk/index.html]
[bot.eternal.tk/css/bootstrap.min.css]
[bot.eternal.tk/js/bootstrap.min.js]
[bot.eternal.tk/js/owl.carousel.min.js]
[bot.eternal.tk/js/main.js]
[bot.eternal.tk/icon-fonts/fontawesome-webfont.183e6e.delayed]
[bot.eternal.tk/icon-fonts/fontawesome-webfont.19d41d.delayed]
[bot.eternal.tk/icon-fonts/fontawesome-webfont.1a3e6e.delayed]
[bot.eternal.tk/icon-fonts/fontawesome-webfont.1b3e6e.delayed]
[bot.eternal.tk/icon-fonts/fontawesome-webfont.1c3e6e.delayed]
[bot.eternal.tk/icon-fonts/fontawesome-webfont.1d3e6e.delayed]
[bot.eternal.tk/css/font-awesome.min.css]
[bot.eternal.tk/icon-fonts/Flaticon.1e.delayed]
[bot.eternal.tk/icon-fonts/Flaticon.1fd41d.delayed]
[bot.eternal.tk/icon-fonts/Flaticon.20.delayed]
[bot.eternal.tk/icon-fonts/Flaticon.21.delayed]
[bot.eternal.tk/icon-fonts/Flaticon.22.delayed]
[bot.eternal.tk/css/flaticon.css]
[bot.eternal.tk/css/owl.video.play.23.delayed]
[bot.eternal.tk/css/owl.carousel.min.css]
[bot.eternal.tk/css/animate.css]
[bot.eternal.tk/css/style.css]
[bot.eternal.tk/icon-fonts/fontawesome-webfont3e6e.eot]
[bot.eternal.tk/icon-fonts/fontawesome-webfontd41d.eot]
[bot.eternal.tk/icon-fonts/fontawesome-webfont3e6e.woff2]
[bot.eternal.tk/icon-fonts/fontawesome-webfont3e6e.woff]
[bot.eternal.tk/icon-fonts/fontawesome-webfont3e6e.ttf]
[bot.eternal.tk/icon-fonts/fontawesome-webfont3e6e.svg]
[bot.eternal.tk/icon-fonts/Flaticon.eot]
[bot.eternal.tk/icon-fonts/Flaticond41d.eot]
[bot.eternal.tk/icon-fonts/Flaticon.woff]
[bot.eternal.tk/icon-fonts/Flaticon.ttf]
[bot.eternal.tk/icon-fonts/Flaticon.svg]
[bot.eternal.tk/css/owl.video.play.png]
